// Jest Snapshot v1, https://goo.gl/fbAQLP

exports[`Matches snapshot 1`] = `
<div
  className="chatbox-message"
  data-testid="chat-message"
>
  <strong
    className="chatbox-username"
  >
    User
  </strong>
  : 
  <em>
    content
  </em>
  <p>
    <i>
      00:00:00
    </i>
  </p>
</div>
`;
