// Jest Snapshot v1, https://goo.gl/fbAQLP

exports[`Matches snapshot 1`] = `
<div
  className="shadow-sm p-3 mb-5 bg-white rounded entry-wrapper"
>
  <div
    className="item-history-entry"
  >
    <div
      className="row d-flex align-items-center justify-content-between"
      data-testid="item-entry-body"
    >
      <div
        className="col-10 col-sm d-flex align-items-center"
      >
        Fri, 22 Jan 2021 01:37:28 GMT
      </div>
      <div
        className="col-1 col-sm-1 p-2 text-white d-flex justify-content-center bg-success entry-quantity"
      >
        40
      </div>
      <div
        className="col-1 col-sm-1 d-flex justify-content-center"
      >
        <svg
          aria-hidden="true"
          className="svg-inline--fa fa-angle-double-up fa-w-10 "
          color="green"
          data-icon="angle-double-up"
          data-prefix="fas"
          focusable="false"
          role="img"
          style={
            Object {
              "fontSize": "20px",
            }
          }
          viewBox="0 0 320 512"
          xmlns="http://www.w3.org/2000/svg"
        >
          <path
            d="M177 255.7l136 136c9.4 9.4 9.4 24.6 0 33.9l-22.6 22.6c-9.4 9.4-24.6 9.4-33.9 0L160 351.9l-96.4 96.4c-9.4 9.4-24.6 9.4-33.9 0L7 425.7c-9.4-9.4-9.4-24.6 0-33.9l136-136c9.4-9.5 24.6-9.5 34-.1zm-34-192L7 199.7c-9.4 9.4-9.4 24.6 0 33.9l22.6 22.6c9.4 9.4 24.6 9.4 33.9 0l96.4-96.4 96.4 96.4c9.4 9.4 24.6 9.4 33.9 0l22.6-22.6c9.4-9.4 9.4-24.6 0-33.9l-136-136c-9.2-9.4-24.4-9.4-33.8 0z"
            fill="currentColor"
            style={Object {}}
          />
        </svg>
      </div>
    </div>
  </div>
</div>
`;
